// Vitest Snapshot v1, https://vitest.dev/guide/snapshot.html

exports[`Email Templates > Staff Invitation Email > should match snapshot for HTML template 1`] = `
"<!DOCTYPE html>
<html>
<head>
  <meta charset="utf-8">
  <meta name="viewport" content="width=device-width, initial-scale=1.0">
  <title>Staff Invitation - OSLSR</title>
</head>
<body style="font-family: Arial, sans-serif; line-height: 1.6; color: #333; max-width: 600px; margin: 0 auto; padding: 20px;">
  <div style="background-color: #9C1E23; padding: 20px; text-align: center; border-radius: 8px 8px 0 0;">
    <h1 style="color: white; margin: 0;">OSLSR</h1>
    <p style="color: #f0f0f0; margin: 5px 0 0 0;">Oyo State Labour & Skills Registry</p>
  </div>

  <div style="padding: 30px; background-color: #f9f9f9; border-radius: 0 0 8px 8px;">
    <h2 style="color: #333; margin-top: 0;">You've Been Invited!</h2>

    <p>Hello Adewale Johnson,</p>

    <p>You have been invited to join the Oyo State Labour & Skills Registry as a staff member.</p>

    <div style="background-color: #fff; padding: 15px; border-radius: 5px; border-left: 4px solid #9C1E23; margin: 20px 0;">
      <p style="margin: 10px 0;"><strong>Role:</strong> Enumerator</p>
      <p style="margin: 10px 0;"><strong>LGA Assignment:</strong> Ibadan North</p>
      <p style="margin: 10px 0;"><strong>Your login:</strong> adewale@example.com</p>
      <!--
        ⛔ THE LOGIN ADDRESS. Added 2026-09-15 after it locked seven field
        enumerators out for nine days.

        They were provisioned with plus-addressed accounts (name+test@...) so the
        invitation would reach an existing inbox. THAT IS EXACTLY WHY THE SUFFIX
        IS INVISIBLE: this email lands in their NORMAL inbox, so the address they
        read it in looks like their username. It is not. They typed the normal
        one and got user_not_found - 36 times across the cohort, one person 9
        times, another typing name+@... because they remembered a plus but not
        what followed.

        ⚠️ The instruction DID exist - given in the operator's WhatsApp group
        with the roster. It lived in a channel separated from the action by days
        and a scroll, while the email they open AT the moment of acting said
        nothing. PUT THE INSTRUCTION WHERE THE ACTION IS.

        ⚠️ It is also invisible in the database: a wrong ADDRESS never reaches
        a password check, so failed_login_attempts stays 0 and the row reads
        "activated, never logged in" - which an operator reads as apathy.

        ⛔ NO BACKTICKS IN THIS COMMENT. It sits inside a JS template literal,
        so a backtick terminates the string and the file will not parse.
      -->
    </div>

    <p style="background-color: #fff8e1; padding: 12px; border-radius: 5px; border-left: 4px solid #f59e0b; margin: 20px 0; font-size: 14px;">
      ⚠️ <strong>Sign in with the address shown above</strong> — <strong>adewale@example.com</strong> —
      even if you received this email at a different address.
    </p>

    <p>Click the button below to activate your account and complete your profile setup:</p>

    <div style="text-align: center; margin: 30px 0;">
      <a href="http://localhost:5173/activate/test-token-123" style="background-color: #9C1E23; color: white; padding: 12px 30px; text-decoration: none; border-radius: 5px; display: inline-block; font-weight: bold;">Activate Your Account</a>
    </div>

    <p style="color: #666; font-size: 14px;">This invitation link will expire in 24 hours.</p>

    <p style="color: #666; font-size: 14px;">If the button doesn't work, copy and paste this link into your browser:</p>
    <p style="word-break: break-all; color: #9C1E23; font-size: 14px;">http://localhost:5173/activate/test-token-123</p>

    <hr style="border: none; border-top: 1px solid #ddd; margin: 30px 0;">

    <p style="color: #999; font-size: 12px;">
      <strong>Need help?</strong> Contact support at <a href="https://oyoskills.com" style="color: #9C1E23;">https://oyoskills.com</a>
    </p>

    <p style="color: #999; font-size: 12px; text-align: center;">
      This email was sent by the Oyo State Labour & Skills Registry.<br>
      &copy; 2026 Government of Oyo State. All rights reserved.
    </p>
  </div>
</body>
</html>"
`;

exports[`Email Templates > Staff Invitation Email > should match snapshot for plain text template 1`] = `
"You've Been Invited to Join OSLSR - Enumerator

Hello Adewale Johnson,

You have been invited to join the Oyo State Labour & Skills Registry as a staff member.

Role: Enumerator
LGA Assignment: Ibadan North
Your login: adewale@example.com

IMPORTANT: Sign in with the address above (adewale@example.com) even if you received this email at a different address.

Click the link below to activate your account and complete your profile setup:
http://localhost:5173/activate/test-token-123

This invitation link will expire in 24 hours.

Need help? Contact support at https://oyoskills.com

---
Oyo State Labour & Skills Registry
Government of Oyo State"
`;
